timeout : ERROR: Invalid syntax. Default option is not allowed more than '1' 
time(s).
At line:1 char:1
+ timeout 180 flutter run -d emulator-5554 2>&1 | tee build_output.txt
+ ~~~~~~~~~~~~~~~~~~~~~~~~~~~~~~~~~~~~~~~~~~~~~
    + CategoryInfo          : NotSpecified: (ERROR: Invalid ...an '1' time(s). 
   :String) [], RemoteException
    + FullyQualifiedErrorId : NativeCommandError
 
Type "TIMEOUT /?" for usage.
